viable candidate: drive
viable candidate: frize
viable candidate: gride
viable candidate: grike
viable candidate: grime
viable candidate: gripe
viable candidate: grize
viable candidate: pride
viable candidate: prime
viable candidate: prize
viable candidate: tride
viable candidate: trike
viable candidate: tripe
viable candidate: trite
viable candidate: write
